// Jest Snapshot v1, https://goo.gl/fbAQLP

exports[`renders correctly 1`] = `
<nav
  className="Headerstyled__Container-sc-9t0655-0 gMEqcK"
>
  <a
    className="Headerstyled__Logo-sc-9t0655-2 kJdOvu"
    href="/"
    onClick={[Function]}
    onMouseEnter={[Function]}
    onTouchStart={[Function]}
  >
    team awesome
  </a>
  <ul
    className="Headerstyled__Menu-sc-9t0655-3 fhrFOB"
  >
    <li
      className="Headerstyled__MenuItems-sc-9t0655-4 iEawjO"
    >
      <a
        className="Headerstyled__Item-sc-9t0655-1 cEhQft"
        href="/"
        onClick={[Function]}
        onMouseEnter={[Function]}
        onTouchStart={[Function]}
      >
        Timesheets
      </a>
    </li>
    <li
      className="Headerstyled__MenuItems-sc-9t0655-4 iEawjO"
    >
      <a
        className="Headerstyled__Item-sc-9t0655-1 cEhQft"
        data-cy="team-members-link"
        href="/team-members"
        onClick={[Function]}
        onMouseEnter={[Function]}
        onTouchStart={[Function]}
      >
        Team members
      </a>
    </li>
    <li
      className="Headerstyled__MenuItems-sc-9t0655-4 iEawjO"
    >
      <a
        className="Headerstyled__Item-sc-9t0655-1 cEhQft"
        href="/"
        onClick={[Function]}
        onMouseEnter={[Function]}
        onTouchStart={[Function]}
      >
        Projects
      </a>
    </li>
    <li
      className="Headerstyled__MenuItems-sc-9t0655-4 iEawjO"
    >
      <a
        className="Headerstyled__Item-sc-9t0655-1 cEhQft"
        href="/"
        onClick={[Function]}
        onMouseEnter={[Function]}
        onTouchStart={[Function]}
      >
        Clients
      </a>
    </li>
    <li
      className="Headerstyled__MenuItems-sc-9t0655-4 iEawjO"
    >
      <a
        className="Headerstyled__Item-sc-9t0655-1 cEhQft"
        href="/"
        onClick={[Function]}
        onMouseEnter={[Function]}
        onTouchStart={[Function]}
      >
        Documents
      </a>
    </li>
  </ul>
  <button
    className="Headerstyled__Toggle-sc-9t0655-5 Mmodw"
    onClick={[Function]}
  >
    <svg
      data-cy="hamburger-icon"
      data-testid="hamburger-icon"
      fill="none"
      height="12"
      width="18"
      xmlns="http://www.w3.org/2000/svg"
    >
      <path
        d="M1 12h16c.55 0 1-.45 1-1s-.45-1-1-1H1c-.55 0-1 .45-1 1s.45 1 1 1Zm0-5h16c.55 0 1-.45 1-1s-.45-1-1-1H1c-.55 0-1 .45-1 1s.45 1 1 1ZM0 1c0 .55.45 1 1 1h16c.55 0 1-.45 1-1s-.45-1-1-1H1C.45 0 0 .45 0 1Z"
        fill="#fff"
      />
    </svg>
  </button>
</nav>
`;
